
> frontend@1.0.0 build
> vite build

[36mvite v7.3.1 [32mbuilding client environment for production...[36m[39m
transforming...
[32mΓ£ô[39m 1815 modules transformed.
rendering chunks...
computing gzip size...
[2mdist/[22m[32mindex.html                 [39m[1m[2m  0.49 kB[22m[1m[22m[2m Γöé gzip:   0.32 kB[22m
[2mdist/[22m[35massets/index-DHUf2dXp.css  [39m[1m[2m 31.31 kB[22m[1m[22m[2m Γöé gzip:   5.69 kB[22m
[2mdist/[22m[36massets/index-BFGgm_QB.js   [39m[1m[2m344.70 kB[22m[1m[22m[2m Γöé gzip: 104.71 kB[22m
[32mΓ£ô built in 8.33s[39m
