
> frontend@1.0.0 build
> vite build

[36mvite v7.3.1 [32mbuilding client environment for production...[36m[39m
transforming...
[32mΓ£ô[39m 1744 modules transformed.
rendering chunks...
computing gzip size...
[2mdist/[22m[32mindex.html                 [39m[1m[2m  0.49 kB[22m[1m[22m[2m Γöé gzip:  0.32 kB[22m
[2mdist/[22m[35massets/index-DxMTDHpS.css  [39m[1m[2m 28.28 kB[22m[1m[22m[2m Γöé gzip:  5.34 kB[22m
[2mdist/[22m[36massets/index-Ddrd7ayz.js   [39m[1m[2m258.41 kB[22m[1m[22m[2m Γöé gzip: 81.27 kB[22m
[32mΓ£ô built in 5.94s[39m
